// Jest Snapshot v1, https://goo.gl/fbAQLP

exports[`PokemonOptions Component Ha de coincidir amb la captura 1`] = `
<div class="options-container">
  <ul>
    <li>Pikachu</li>
    <li>Charmander</li>
    <li>Venusaur</li>
    <li>Mew</li>
  </ul>
</div>
`;
